Tehii@Tehi MINGW64 ~/Desktop/DH/20230506-JoseCarbajal (main)     
$ git init
Initialized empty Git repository in C:/Users/Tehii/Desktop/DH/20230506-JoseCarbajal/.git/

Tehii@Tehi MINGW64 ~/Desktop/DH/20230506-JoseCarbajal (master)   
$ git remote add origin https://github.com/Jose-Carbajal/20230506-JoseCarbajal.git

Tehii@Tehi MINGW64 ~/Desktop/DH/20230506-JoseCarbajal (master)   
$ git remote
origin

Tehii@Tehi MINGW64 ~/Desktop/DH/20230506-JoseCarbajal (master)   
$ git branch -m main

html

$ git commit -m "commit 01 de JoseCarbajal"
On branch main

Initial commit

Untracked files:
  (use "git add <file>..." to include in what will be committed)
        comandos.txt
        index.html
        main.js

nothing added to commit but untracked files present (use "git add" to track)

Tehii@Tehi MINGW64 ~/Desktop/DH/20230506-JoseCarbajal (main)
$ git add.
git: 'add.' is not a git command. See 'git --help'.

The most similar command is
        add

Tehii@Tehi MINGW64 ~/Desktop/DH/20230506-JoseCarbajal (main)
$ git add .

Tehii@Tehi MINGW64 ~/Desktop/DH/20230506-JoseCarbajal (main)
$ git commit -m "commit 01 de JoseCarbajal"
[main (root-commit) a1a5d3b] commit 01 de JoseCarbajal
 3 files changed, 0 insertions(+), 0 deletions(-)
 create mode 100644 comandos.txt
 create mode 100644 index.html
 create mode 100644 main.js

Tehii@Tehi MINGW64 ~/Desktop/DH/20230506-JoseCarbajal (main)
$ git push
fatal: The current branch main has no upstream branch.
To push the current branch and set the remote as upstream, use

    git push --set-upstream origin main

To have this happen automatically for branches without a tracking
upstream, see 'push.autoSetupRemote' in 'git help config'.


Tehii@Tehi MINGW64 ~/Desktop/DH/20230506-JoseCarbajal (main)
$ git remote add origin https://github.com/Jose-Carbajal/20230506-JoseCarbaj43.00 KiB/s, done.
Total 3 (delta 0), reused 0 (delta 0), pack-reused 0
To https://github.com/Jose-Carbajal/20230506-JoseCarbajal.git
 * [new branch]      main -> main

Tehii@Tehi MINGW64 ~/Desktop/DH/20230506-JoseCarbajal (main)
$ git branch feature

Tehii@Tehi MINGW64 ~/Desktop/DH/20230506-JoseCarbajal (main)
$ git branch
  feature
* main

Tehii@Tehi MINGW64 ~/Desktop/DH/20230506-JoseCarbajal (main)
$ git checkout feature
Switched to branch 'feature'

Tehii@Tehi MINGW64 ~/Desktop/DH/20230506-JoseCarbajal (feature)
$ mkdir Hardware Software SeguridadInformatica

Tehii@Tehi MINGW64 ~/Desktop/DH/20230506-JoseCarbajal (feature)
$ git push origin feature
Enumerating objects: 4, done.
Counting objects: 100% (4/4), done.
Delta compression using up to 4 threads
Compressing objects: 100% (2/2), done.
Writing objects: 100% (3/3), 391 bytes | 55.00 KiB/s, done.
Total 3 (delta 0), reused 0 (delta 0), pack-reused 0
remote:
remote: Create a pull request for 'feature' on GitHub by visiting:
To https://github.com/Jose-Carbajal/20230506-JoseCarbajal.git
 * [new branch]      feature -> feature

Tehii@Tehi MINGW64 ~/Desktop/DH/20230506-JoseCarbajal (feature)
$ git checkout main
Switched to branch 'main'

Tehii@Tehi MINGW64 ~/Desktop/DH/20230506-JoseCarbajal (main)
$ mv main.js resumenHardware.txt

Tehii@Tehi MINGW64 ~/Desktop/DH/20230506-JoseCarbajal (main)
$ mv index.html resumenSoftware.txt

Tehii@Tehi MINGW64 ~/Desktop/DH/20230506-JoseCarbajal (main)
$ nano resumenSoftware.txt


Tehii@Tehi MINGW64 ~/Desktop/DH/20230506-JoseCarbajal (main)
$ nano resumenHardware.txt

Tehii@Tehi MINGW64 ~/Desktop/DH/20230506-JoseCarbajal (main)
$ nano comandos.txt
